###############################################################################
#
# IAR ELF Linker V9.20.4.327/W64 for ARM                  23/May/2022  22:27:08
# Copyright 2007-2022 IAR Systems AB.
#
#    Output file  =
#        C:\Users\cfranke.MANHN01\Documents\Semester6\Embedded\TrafficLightProject\Debug\Exe\TrafficLight.out
#    Map file     =
#        C:\Users\cfranke.MANHN01\Documents\Semester6\Embedded\TrafficLightProject\Debug\List\TrafficLight.map
#    Command line =
#        -f
#        C:\Users\cfranke.MANHN01\Documents\Semester6\Embedded\TrafficLightProject\Debug\Exe\TrafficLight.out.rsp
#        (C:\Users\cfranke.MANHN01\Documents\Semester6\Embedded\TrafficLightProject\Debug\Obj\Button.o
#        C:\Users\cfranke.MANHN01\Documents\Semester6\Embedded\TrafficLightProject\Debug\Obj\GPIO.o
#        C:\Users\cfranke.MANHN01\Documents\Semester6\Embedded\TrafficLightProject\Debug\Obj\LED.o
#        C:\Users\cfranke.MANHN01\Documents\Semester6\Embedded\TrafficLightProject\Debug\Obj\main.o
#        C:\Users\cfranke.MANHN01\Documents\Semester6\Embedded\TrafficLightProject\Debug\Obj\OS_InOperation.o
#        C:\Users\cfranke.MANHN01\Documents\Semester6\Embedded\TrafficLightProject\Debug\Obj\TLO_SoftwareOutput.o
#        C:\Users\cfranke.MANHN01\Documents\Semester6\Embedded\TrafficLightProject\Debug\Obj\TrafficLightController.o
#        --no_out_extension -o
#        C:\Users\cfranke.MANHN01\Documents\Semester6\Embedded\TrafficLightProject\Debug\Exe\TrafficLight.out
#        --redirect _Printf=_PrintfFullNoMb --redirect _Scanf=_ScanfFullNoMb
#        --map
#        C:\Users\cfranke.MANHN01\Documents\Semester6\Embedded\TrafficLightProject\Debug\List\TrafficLight.map
#        --config D:\IARWorkbench\arm\config\linker\ST\stm32f401xE.icf
#        --semihosting --entry __iar_program_start --vfe --text_out locale)
#
###############################################################################

*******************************************************************************
*** RUNTIME MODEL ATTRIBUTES
***

CppFlavor                     = *
__CPP_Exceptions              = Disabled
__CPP_Language                = C++14
__CPP_Library                 = DLib
__CPP_Runtime                 = 1
__Heap_Handler                = Basic
__SystemLibrary               = DLib
__dlib_dynamic_initialization = normal
__dlib_version                = 6


*******************************************************************************
*** HEAP SELECTION
***

The basic heap was selected because some modules are built with
size limitations (and not runtime checking), and --advanced_heap
was not specified.


*******************************************************************************
*** PLACEMENT SUMMARY
***

"A0":  place at address 0x800'0000 { ro section .intvec };
"P1":  place in [from 0x800'0000 to 0x807'ffff] { ro };
define block CSTACK with size = 8K, alignment = 8 { };
define block HEAP with size = 8K, alignment = 8 { };
"P2":  place in [from 0x2000'0000 to 0x2001'7fff] {
          rw, block CSTACK, block HEAP };
initialize by copy { rw };

  Section                Kind         Address    Size  Object
  -------                ----         -------    ----  ------
"A0":                                            0x40
  .intvec                ro code   0x800'0000    0x40  vector_table_M.o [6]
                                 - 0x800'0040    0x40

"P1":                                          0x1894
  .text                  ro code   0x800'0040   0x208  GPIO.o [1]
  .text                  ro code   0x800'0248   0x1b2  main.o [1]
  .text                  ro code   0x800'03fa     0x8  main.o [1]
  .text                  ro code   0x800'0402     0x4  main.o [1]
  .text                  ro code   0x800'0406    0x72  main.o [1]
  .text                  ro code   0x800'0478     0x4  main.o [1]
  .text                  ro code   0x800'047c     0x8  main.o [1]
  .text                  ro code   0x800'0484     0x4  main.o [1]
  .text                  ro code   0x800'0488     0x6  main.o [1]
  .text                  ro code   0x800'048e     0x6  main.o [1]
  .text                  ro code   0x800'0494     0x4  main.o [1]
  .text                  ro code   0x800'0498    0x32  main.o [1]
  .text                  ro code   0x800'04ca    0x12  main.o [1]
  .text                  ro code   0x800'04dc     0xa  main.o [1]
  .text                  ro code   0x800'04e6     0x8  main.o [1]
  .text                  ro code   0x800'04ee    0x28  main.o [1]
  .text                  ro code   0x800'0516     0xe  main.o [1]
  .text                  ro code   0x800'0524    0x36  strlen.o [6]
  .text                  ro code   0x800'055a     0x8  main.o [1]
  .text                  ro code   0x800'0562    0x14  main.o [1]
  .text                  ro code   0x800'0576     0x4  main.o [1]
  .text                  ro code   0x800'057a    0x54  main.o [1]
  .text                  ro code   0x800'05ce    0x18  main.o [1]
  .text                  ro code   0x800'05e6     0xe  main.o [1]
  .text                  ro code   0x800'05f4     0x4  main.o [1]
  .text                  ro code   0x800'05f8     0x4  main.o [1]
  .text                  ro code   0x800'05fc    0x18  main.o [1]
  .text                  ro code   0x800'0614     0x8  main.o [1]
  .text                  ro code   0x800'061c    0x28  main.o [1]
  .text                  ro code   0x800'0644     0xa  main.o [1]
  .text                  ro code   0x800'064e    0x14  main.o [1]
  .text                  ro code   0x800'0662    0x2a  copy_init3.o [6]
  .text                  ro code   0x800'068c   0x100  ios.o [3]
  .text                  ro code   0x800'078c     0x8  main.o [1]
  .text                  ro code   0x800'0794    0x54  main.o [1]
  .text                  ro code   0x800'07e8     0x8  main.o [1]
  .text                  ro code   0x800'07f0     0x6  abort.o [2]
  .text                  ro code   0x800'07f6     0x4  delop4_0.o [4]
  .text                  ro code   0x800'07fa    0x48  main.o [1]
  .text                  ro code   0x800'0842    0x46  main.o [1]
  .text                  ro code   0x800'0888    0x14  exit.o [7]
  .text                  ro code   0x800'089c     0xa  delop_0.o [4]
  .text                  ro code   0x800'08a6     0x6  iostream_cout.o [3]
  .text                  ro code   0x800'08ac    0x7c  iarttio.o [7]
  .text                  ro code   0x800'0928     0x4  heaptramp0.o [2]
  .text                  ro code   0x800'092c     0x8  XShttio.o [2]
  .text                  ro code   0x800'0934   0x13c  heap0.o [2]
  .text                  ro code   0x800'0a70    0x2c  xgetmemchunk.o [2]
  .text                  ro code   0x800'0a9c    0xe4  Button.o [1]
  .text                  ro code   0x800'0b80     0x6  Button.o [1]
  .text                  ro code   0x800'0b86     0x2  OS_InOperation.o [1]
  .text                  ro code   0x800'0b88    0xda  OS_InOperation.o [1]
  .text                  ro code   0x800'0c62     0x8  OS_InOperation.o [1]
  .text                  ro code   0x800'0c6a     0x2  OS_InOperation.o [1]
  .text                  ro code   0x800'0c6c    0x18  OS_InOperation.o [1]
  .text                  ro code   0x800'0c84    0x18  OS_InOperation.o [1]
  .text                  ro code   0x800'0c9c    0x18  OS_InOperation.o [1]
  .text                  ro code   0x800'0cb4    0x18  OS_InOperation.o [1]
  .text                  ro code   0x800'0ccc     0x6  main.o [1]
  .text                  ro code   0x800'0cd2     0xc  toupper.o [2]
  .text                  ro code   0x800'0cde     0x4  OS_InOperation.o [1]
  .text                  ro code   0x800'0ce2     0x8  OS_InOperation.o [1]
  .text                  ro code   0x800'0cea     0x4  OS_InOperation.o [1]
  .text                  ro code   0x800'0cee     0x2  OS_InOperation.o [1]
  .text                  ro code   0x800'0cf0    0xd2  LED.o [1]
  .text                  ro code   0x800'0dc2     0x2  OS_InOperation.o [1]
  .text                  ro code   0x800'0dc4    0xbc  main.o [1]
  .text                  ro code   0x800'0e80    0x24  newop_0.o [4]
  .text                  ro code   0x800'0ea4    0x18  main.o [1]
  .text                  ro code   0x800'0ebc    0x18  main.o [1]
  .text                  ro code   0x800'0ed4    0x8c  TrafficLightController.o [1]
  .text                  ro code   0x800'0f60     0x4  nomemory.o [4]
  .text                  ro code   0x800'0f64    0x18  TrafficLightController.o [1]
  .text                  ro code   0x800'0f7c    0xa0  cppinit.o [2]
  .text                  ro code   0x800'101c    0x90  iostream_cout.o [3]
  .text                  ro code   0x800'10ac    0x5c  iostream_cout.o [3]
  .text                  ro code   0x800'1108     0xa  cxxabi.o [4]
  .text                  ro code   0x800'1112    0x76  main.o [1]
  .text                  ro code   0x800'1188    0x76  ABImemcpy_unaligned.o [6]
  .text                  ro code   0x800'11fe     0x2  TrafficLightController.o [1]
  .rodata                const     0x800'1200    0x60  main.o [1]
  .text                  ro code   0x800'1260    0x5e  iostream_cout.o [3]
  .text                  ro code   0x800'12be     0x2  iostream_cout.o [3]
  .rodata                const     0x800'12c0    0x44  iostream_cout.o [3]
  .rodata                const     0x800'1304    0x44  iostream_cout.o [3]
  .text                  ro code   0x800'1348    0x38  iostream_cout.o [3]
  .text                  ro code   0x800'1380    0x20  putchar.o [2]
  .text                  ro code   0x800'13a0    0x10  write.o [7]
  .text                  ro code   0x800'13b0    0x1e  dwrite.o [7]
  .text                  ro code   0x800'13ce    0x20  iarwstd.o [7]
  .text                  ro code   0x800'13ee    0x22  iarwrite.o [7]
  .text                  ro code   0x800'1410    0x38  zero_init3.o [6]
  .rodata                const     0x800'1448    0x34  main.o [1]
  .text                  ro code   0x800'147c    0x2e  main.o [1]
  .text                  ro code   0x800'14aa    0x12  main.o [1]
  .text                  ro code   0x800'14bc    0x20  main.o [1]
  .text                  ro code   0x800'14dc     0x6  main.o [1]
  .text                  ro code   0x800'14e2     0x2  iostream_cout.o [3]
  .text                  ro code   0x800'14e4    0x18  main.o [1]
  .text                  ro code   0x800'14fc     0x8  main.o [1]
  .text                  ro code   0x800'1504     0xc  main.o [1]
  .rodata                const     0x800'1510    0x2c  main.o [1]
  .rodata                const     0x800'153c    0x28  main.o [1]
  .rodata                const     0x800'1564    0x28  iostream_cout.o [3]
  .text                  ro code   0x800'158c    0x28  data_init.o [6]
  .rodata                const     0x800'15b4    0x24  main.o [1]
  .text                  ro code   0x800'15d8    0x22  fpinit_M.o [5]
  .iar.init_table        const     0x800'15fc    0x28  - Linker created -
  .text                  ro code   0x800'1624     0x2  vectortrap_M.o [6]
  .rodata                const     0x800'1628    0x20  main.o [1]
  .text                  ro code   0x800'1648    0x20  cmain_call_ctors.o [6]
  .text                  ro code   0x800'1668    0x1e  cmain.o [6]
  .text                  ro code   0x800'1686     0x4  low_level_init.o [2]
  .text                  ro code   0x800'168a     0x4  exit.o [2]
  .rodata                const     0x800'168e     0x1  unwind_debug.o [7]
  .text                  ro code   0x800'1690     0xe  cexit.o [6]
  .rodata                const     0x800'16a0    0x1c  OS_InOperation.o [1]
  .text                  ro code   0x800'16bc    0x1c  cstartup_M.o [6]
  .text                  ro code   0x800'16d8    0x16  main.o [1]
  .rodata                const     0x800'16f0    0x14  OS_InOperation.o [1]
  .rodata                const     0x800'1704    0x14  OS_InOperation.o [1]
  .rodata                const     0x800'1718    0x14  OS_InOperation.o [1]
  .rodata                const     0x800'172c    0x14  OS_InOperation.o [1]
  .rodata                const     0x800'1740    0x14  OS_InOperation.o [1]
  .rodata                const     0x800'1754    0x14  TrafficLightController.o [1]
  .text                  ro code   0x800'1768    0x14  iostream_cout.o [3]
  .rodata                const     0x800'177c    0x10  main.o [1]
  .rodata                const     0x800'178c    0x10  main.o [1]
  .rodata                const     0x800'179c    0x10  ios.o [3]
  .rodata                const     0x800'17ac    0x10  iostream_cout.o [3]
  .text                  ro code   0x800'17bc    0x10  OS_InOperation.o [1]
  .text                  ro code   0x800'17cc    0x10  OS_InOperation.o [1]
  .text                  ro code   0x800'17dc    0x10  OS_InOperation.o [1]
  .text                  ro code   0x800'17ec    0x10  OS_InOperation.o [1]
  .text                  ro code   0x800'17fc    0x10  OS_InOperation.o [1]
  .text                  ro code   0x800'180c    0x10  OS_InOperation.o [1]
  .text                  ro code   0x800'181c    0x10  OS_InOperation.o [1]
  .text                  ro code   0x800'182c    0x10  OS_InOperation.o [1]
  .text                  ro code   0x800'183c    0x10  TrafficLightController.o [1]
  .text                  ro code   0x800'184c    0x10  TrafficLightController.o [1]
  .text                  ro code   0x800'185c     0xe  iostream_cout.o [3]
  .rodata                const     0x800'186c     0xc  main.o [1]
  .text                  ro code   0x800'1878     0xc  main.o [1]
  .text                  ro code   0x800'1884     0xc  main.o [1]
  .text                  ro code   0x800'1890     0xc  main.o [1]
  .text                  ro code   0x800'189c     0xc  main.o [1]
  .text                  ro code   0x800'18a8     0xc  main.o [1]
  .text                  ro code   0x800'18b4     0xa  main.o [1]
  SHT$$PREINIT_ARRAY               0x800'18c0     0x4  <Block>
    .preinit_array       const     0x800'18c0     0x4  iostream_cout.o [3]
  SHT$$INIT_ARRAY                  0x800'18c4     0x4  <Block>
    .init_array          const     0x800'18c4     0x4  ios.o [3]
  __iar_tls$$INIT_ARRAY            0x800'18c8     0x0  <Block>
  Initializer bytes      const     0x800'18c8     0x8  <for P2-1>
  .text                  ro code   0x800'18d0     0x4  iostream_cout.o [3]
  .text                  ro code   0x800'18d4     0x0  cstart_call_dtors.o [6]
  .rodata                const     0x800'18d4     0x0  zero_init3.o [6]
  .rodata                const     0x800'18d4     0x0  copy_init3.o [6]
                                 - 0x800'18d4  0x1894

"P2", part 1 of 3:                                0x8
  P2-1                            0x2000'0000     0x8  <Init block>
    .data                inited   0x2000'0000     0x8  XShttio.o [2]
                                - 0x2000'0008     0x8

"P2", part 2 of 3:                               0xd4
  .bss                   zero     0x2000'0008    0x70  iostream_cout.o [3]
  .bss                   zero     0x2000'0078    0x34  ios.o [3]
  .bss                   zero     0x2000'00ac     0x4  main.o [1]
  .bss                   zero     0x2000'00b0    0x10  ios.o [3]
  .bss                   zero     0x2000'00c0     0x8  heap0.o [2]
  .bss                   zero     0x2000'00c8     0x4  cppinit.o [2]
  .bss                   zero     0x2000'00cc     0x4  cppinit.o [2]
  .bss                   zero     0x2000'00d0     0x4  new.o [4]
  .bss                   zero     0x2000'00d4     0x4  xgetmemchunk.o [2]
  .bss                   zero     0x2000'00d8     0x1  main.o [1]
                                - 0x2000'00d9    0xd1

"P2", part 3 of 3:                             0x419c
  .iar.dynexit                    0x2000'00dc   0x198  <Block>
    .iar.dynexit         uninit   0x2000'00dc     0xc  cppinit.o [2]
    .iar.dynexit         uninit   0x2000'00e8   0x18c  <Block tail>
  CSTACK                          0x2000'0278  0x2000  <Block>
    CSTACK               uninit   0x2000'0278  0x2000  <Block tail>
  HEAP                            0x2000'2278  0x2000  <Block>
    HEAP                 uninit   0x2000'2278  0x2000  <Block tail>
                                - 0x2000'4278  0x419c

Unused ranges:

         From           To      Size
         ----           --      ----
   0x800'18d4   0x807'ffff  0x7'e72c
  0x2000'4278  0x2001'7fff  0x1'3d88


*******************************************************************************
*** INIT TABLE
***

          Address      Size
          -------      ----
Zero (__iar_zero_init3)
    1 destination range, total size 0xd1:
          0x2000'0008  0xd1

Copy (__iar_copy_init3)
    1 source range, total size 0x8:
           0x800'18c8   0x8
    1 destination range, total size 0x8:
          0x2000'0000   0x8

Extra (__iar_cstart_call_ctors)



*******************************************************************************
*** MODULE SUMMARY
***

    Module                    ro code  ro data  rw data
    ------                    -------  -------  -------
command line/config:
    ---------------------------------------------------
    Total:

C:\Users\cfranke.MANHN01\Documents\Semester6\Embedded\TrafficLightProject\Debug\Obj: [1]
    Button.o                      234
    GPIO.o                        520
    LED.o                         210
    OS_InOperation.o              474      128
    TrafficLightController.o      198       20
    main.o                      1'836      344        5
    ---------------------------------------------------
    Total:                      3'472      492        5

dl7M_tln.a: [2]
    XShttio.o                       8        8        8
    abort.o                         6
    cppinit.o                     160                20
    exit.o                          4
    heap0.o                       316                 8
    heaptramp0.o                    4
    low_level_init.o                4
    putchar.o                      32
    toupper.o                      12
    xgetmemchunk.o                 44                 4
    ---------------------------------------------------
    Total:                        590        8       40

dlpp7M_tl_nc.a: [3]
    ios.o                         256       20       68
    iostream_cout.o               434      196      112
    ---------------------------------------------------
    Total:                        690      216      180

dlpprt7M_tl_nc.a: [4]
    cxxabi.o                       10
    delop4_0.o                      4
    delop_0.o                      10
    new.o                                             4
    newop_0.o                      36
    nomemory.o                      4
    ---------------------------------------------------
    Total:                         64                 4

m7M_tls.a: [5]
    fpinit_M.o                     34
    ---------------------------------------------------
    Total:                         34

rt7M_tl.a: [6]
    ABImemcpy_unaligned.o         118
    cexit.o                        14
    cmain.o                        30
    cmain_call_ctors.o             32
    copy_init3.o                   42
    cstart_call_dtors.o
    cstartup_M.o                   28
    data_init.o                    40
    strlen.o                       54
    vector_table_M.o               64
    vectortrap_M.o                  2
    zero_init3.o                   56
    ---------------------------------------------------
    Total:                        480

shb_l.a: [7]
    dwrite.o                       30
    exit.o                         20
    iarttio.o                     124
    iarwrite.o                     34
    iarwstd.o                      32
    unwind_debug.o                           1
    write.o                        16
    ---------------------------------------------------
    Total:                        256        1

    Gaps                            1       10
    Linker created                          40   16'780
-------------------------------------------------------
    Grand Total:                5'587      767   17'009


*******************************************************************************
*** ENTRY LIST
***

Entry                       Address   Size  Type      Object
-----                       -------   ----  ----      ------
.iar.dynexit$$Base      0x2000'00dc          --   Gb  - Linker created -
.iar.dynexit$$Limit     0x2000'0274          --   Gb  - Linker created -
.iar.init_table$$Base    0x800'15fc          --   Gb  - Linker created -
.iar.init_table$$Limit   0x800'1624          --   Gb  - Linker created -
?main                    0x800'1669         Code  Gb  cmain.o [6]
Aldata                  0x2000'00c0    0x8  Data  Lc  heap0.o [2]
BusFault_Handler         0x800'1625         Code  Wk  vectortrap_M.o [6]
CSTACK$$Base            0x2000'0278          --   Gb  - Linker created -
CSTACK$$Limit           0x2000'2278          --   Gb  - Linker created -
DebugMon_Handler         0x800'1625         Code  Wk  vectortrap_M.o [6]
DtorRecArray            0x2000'00dc    0xc  Data  Lc  cppinit.o [2]
GPIO::GPIO(unsigned int)
                         0x800'0041   0xae  Code  Gb  GPIO.o [1]
GPIO::delete_bit(unsigned int)
                         0x800'017d   0x26  Code  Gb  GPIO.o [1]
GPIO::select_datadirection(unsigned char, bool)
                         0x800'010d   0x48  Code  Gb  GPIO.o [1]
GPIO::set_bit(unsigned int)
                         0x800'0155   0x28  Code  Gb  GPIO.o [1]
GPIO::toggle_bit(unsigned int)
                         0x800'01a3   0x58  Code  Gb  GPIO.o [1]
GPIO::write_port(unsigned int)
                         0x800'01fb   0x4e  Code  Gb  GPIO.o [1]
HEAP$$Base              0x2000'2278          --   Gb  - Linker created -
HEAP$$Limit             0x2000'4278          --   Gb  - Linker created -
HardFault_Handler        0x800'1625         Code  Wk  vectortrap_M.o [6]
IOperationState::IOperationState(ITrafficLightOutput *)
                         0x800'0cdf    0x4  Code  Wk  OS_InOperation.o [1]
IOperationState::IOperationState(ITrafficLightOutput *) [subobject]
                         0x800'0c63    0x8  Code  Wk  OS_InOperation.o [1]
Initialization guard variable for std::ctype<char> const & std::use_facet<std::ctype<char>>()::_MyFacet
                        0x2000'00d8    0x1  Data  Wk  main.o [1]
MemManage_Handler        0x800'1625         Code  Wk  vectortrap_M.o [6]
NMI_Handler              0x800'1625         Code  Wk  vectortrap_M.o [6]
OS_InOperation::Entry()
                         0x800'0be1   0x24  Code  Gb  OS_InOperation.o [1]
OS_InOperation::Execution(char)
                         0x800'0c15   0x3e  Code  Gb  OS_InOperation.o [1]
OS_InOperation::Exit()   0x800'0c53   0x10  Code  Gb  OS_InOperation.o [1]
OS_InOperation::OS_InOperation(ITrafficLightOutput *)
                         0x800'0b89   0x58  Code  Gb  OS_InOperation.o [1]
PendSV_Handler           0x800'1625         Code  Wk  vectortrap_M.o [6]
Region$$Table$$Base      0x800'15fc          --   Gb  - Linker created -
Region$$Table$$Limit     0x800'1624          --   Gb  - Linker created -
SHT$$INIT_ARRAY$$Base    0x800'18c4          --   Gb  - Linker created -
SHT$$INIT_ARRAY$$Limit   0x800'18c8          --   Gb  - Linker created -
SHT$$PREINIT_ARRAY$$Base
                         0x800'18c0          --   Gb  - Linker created -
SHT$$PREINIT_ARRAY$$Limit
                         0x800'18c4          --   Gb  - Linker created -
SVC_Handler              0x800'1625         Code  Wk  vectortrap_M.o [6]
SysTick_Handler          0x800'1625         Code  Wk  vectortrap_M.o [6]
TLO_HardwareOutput::Off()
                         0x800'18a9    0xc  Code  Wk  main.o [1]
TLO_HardwareOutput::OutputAmber()
                         0x800'1885    0xc  Code  Wk  main.o [1]
TLO_HardwareOutput::OutputFlashing()
                         0x800'189d    0xc  Code  Wk  main.o [1]
TLO_HardwareOutput::OutputGreen()
                         0x800'1891    0xc  Code  Wk  main.o [1]
TLO_HardwareOutput::OutputRed()
                         0x800'1879    0xc  Code  Wk  main.o [1]
TLO_HardwareOutput::OutputRedAmber()
                         0x800'16d9   0x16  Code  Wk  main.o [1]
TrafficLightController::Controller(char)
                         0x800'0f0b   0x56  Code  Gb  TrafficLightController.o [1]
TrafficLightController::TrafficLightController(ITrafficLightOutput *)
                         0x800'0ed5   0x36  Code  Gb  TrafficLightController.o [1]
UsageFault_Handler       0x800'1625         Code  Wk  vectortrap_M.o [6]
UserButtons::UserButtons()
                         0x800'0a9d   0x10  Code  Gb  Button.o [1]
UserButtons::getButton()
                         0x800'0ad1   0xa8  Code  Gb  Button.o [1]
UserButtons::getPinB3()
                         0x800'0aad   0x12  Code  Gb  Button.o [1]
UserButtons::getPinB5()
                         0x800'0abf   0x12  Code  Gb  Button.o [1]
UserLEDs::UserLEDs()     0x800'0cf1   0x40  Code  Gb  LED.o [1]
UserLEDs::allLEDs(bool)
                         0x800'0d97   0x2c  Code  Gb  LED.o [1]
UserLEDs::amberLED(bool)
                         0x800'0d4d   0x18  Code  Gb  LED.o [1]
UserLEDs::amberLEDToggle(bool)
                         0x800'0d7d   0x1a  Code  Gb  LED.o [1]
UserLEDs::greenLED(bool)
                         0x800'0d65   0x18  Code  Gb  LED.o [1]
UserLEDs::redLED(bool)   0x800'0d35   0x18  Code  Gb  LED.o [1]
Virtual function table for std::_Wrap_facet<std::ctype<char>>
                         0x800'178c   0x10  Data  Wk  main.o [1]
Virtual function table for std::ios_base
                         0x800'179c   0x10  Data  Wk  ios.o [3]
[local to ios_cpp]::std::stdopens
                        0x2000'0078    0xc  Data  Lc  ios.o [3]
[local to ios_cpp]::std::stdstr
                        0x2000'0084   0x28  Data  Lc  ios.o [3]
[local to iostream_cout_cpp]::std::__iarcoutguard
                        0x2000'0034    0x1  Data  Lc  iostream_cout.o [3]
[local to iostream_cout_cpp]::std::fout
                        0x2000'0038   0x40  Data  Lc  iostream_cout.o [3]
__aeabi_atexit           0x800'1109    0xa  Code  Gb  cxxabi.o [4]
__basic_free             0x800'09e1   0x16  Code  Gb  heap0.o [2]
__basic_free_intern      0x800'09f7   0x74  Code  Lc  heap0.o [2]
__basic_malloc           0x800'0935   0x18  Code  Gb  heap0.o [2]
__basic_malloc_intern    0x800'094d   0x94  Code  Lc  heap0.o [2]
__call_ctors             0x800'0f7d   0x18  Code  Gb  cppinit.o [2]
__call_dtors             0x800'0fcb    0xc  Code  Gb  cppinit.o [2]
__call_dtors0            0x800'0fd7   0x36  Code  Gb  cppinit.o [2]
__cexit_call_dtors       0x800'1693         Code  Gb  cexit.o [6]
__cmain                  0x800'1669         Code  Gb  cmain.o [6]
__cstart_call_dtors      0x800'18d4         Data  Gb  cstart_call_dtors.o [6]
__cxa_atexit             0x800'0f95   0x36  Code  Gb  cppinit.o [2]
__data_GetMemChunk       0x800'0a71   0x2c  Code  Gb  xgetmemchunk.o [2]
__data_GetMemChunk::start
                        0x2000'00d4    0x4  Data  Lc  xgetmemchunk.o [2]
__dso_handle            0x2000'00cc    0x4  Data  Gb  cppinit.o [2]
__dwrite                 0x800'13b1   0x1e  Code  Gb  dwrite.o [7]
__exit                   0x800'0889   0x14  Code  Gb  exit.o [7]
__iar_close_ttio         0x800'08ad   0x2c  Code  Gb  iarttio.o [7]
__iar_copy_init3         0x800'0663   0x2a  Code  Gb  copy_init3.o [6]
__iar_cstart_call_ctors
                         0x800'1649   0x20  Code  Gb  cmain_call_ctors.o [6]
__iar_data_init3         0x800'158d   0x28  Code  Gb  data_init.o [6]
__iar_debug_exceptions   0x800'168e    0x1  Data  Gb  unwind_debug.o [7]
__iar_get_ttio           0x800'08d9   0x4c  Code  Gb  iarttio.o [7]
__iar_init_vfp           0x800'15d9         Code  Gb  fpinit_M.o [5]
__iar_lookup_ttioh       0x800'092d    0x8  Code  Gb  XShttio.o [2]
__iar_program_start      0x800'16bd         Code  Gb  cstartup_M.o [6]
__iar_sh_stdout          0x800'13cf   0x20  Code  Gb  iarwstd.o [7]
__iar_sh_write           0x800'13ef   0x22  Code  Gb  iarwrite.o [7]
__iar_tls$$INIT_ARRAY$$Base
                         0x800'18c8          --   Gb  - Linker created -
__iar_tls$$INIT_ARRAY$$Limit
                         0x800'18c8          --   Gb  - Linker created -
__iar_ttio_handles      0x2000'0000    0x8  Data  Lc  XShttio.o [2]
__iar_unaligned_memcpy   0x800'1189         Code  Gb  ABImemcpy_unaligned.o [6]
__iar_unaligned_memcpy4
                         0x800'11a9         Code  Gb  ABImemcpy_unaligned.o [6]
__iar_unaligned_memcpy8
                         0x800'11a9         Code  Gb  ABImemcpy_unaligned.o [6]
__iar_zero_init3         0x800'1411   0x38  Code  Gb  zero_init3.o [6]
__low_level_init         0x800'1687    0x4  Code  Gb  low_level_init.o [2]
__sti__routine           0x800'068f    0xa  Code  Lc  ios.o [3]
__sti__routine           0x800'101d   0x90  Code  Lc  iostream_cout.o [3]
__vector_table           0x800'0000         Data  Gb  vector_table_M.o [6]
__write                  0x800'13a1   0x10  Code  Gb  write.o [7]
_call_main               0x800'1675         Code  Gb  cmain.o [6]
_exit                    0x800'1691         Code  Gb  cexit.o [6]
abort                    0x800'07f1    0x6  Code  Gb  abort.o [2]
exit                     0x800'168b    0x4  Code  Gb  exit.o [2]
free                     0x800'0929    0x4  Code  Gb  heaptramp0.o [2]
main                     0x800'0dc5   0xbc  Code  Gb  main.o [1]
next_abi_dtor_rec       0x2000'00c8    0x4  Data  Lc  cppinit.o [2]
operator delete (void *)
                         0x800'089d    0xa  Code  Gb  delop_0.o [4]
operator delete (void *, unsigned int)
                         0x800'07f7    0x4  Code  Gb  delop4_0.o [4]
operator new (unsigned int)
                         0x800'0e81   0x24  Code  Gb  newop_0.o [4]
putchar                  0x800'1381   0x20  Code  Gb  putchar.o [2]
std::_Fpz               0x2000'00b0   0x10  Data  Gb  ios.o [3]
std::_NomemoryNothrow()
                         0x800'0f61    0x4  Code  Gb  nomemory.o [4]
std::__iar_New_hand     0x2000'00d0    0x4  Data  Gb  new.o [4]
std::__nobasic_filebuf<char, std::char_traits<char>>::overflow(int)
                         0x800'1349   0x38  Code  Wk  iostream_cout.o [3]
std::cout               0x2000'0008   0x2c  Data  Gb  iostream_cout.o [3]
std::ctype<char> const & std::use_facet<std::ctype<char>>()::_MyFacet
                        0x2000'00ac    0x4  Data  Wk  main.o [1]
std::ios_base::_Addstd(std::ios_base*)
                         0x800'06f9   0x32  Code  Gb  ios.o [3]
std::ios_base::_Callfns(std::ios_base::event)
                         0x800'06dd   0x1c  Code  Gb  ios.o [3]
std::ios_base::_Init()   0x800'0739   0x1c  Code  Gb  ios.o [3]
std::ios_base::_Tidy()   0x800'0755   0x38  Code  Gb  ios.o [3]
std::ios_base::clear(std::_Iosb<int>::_Iostate, bool)
                         0x800'0699   0x20  Code  Gb  ios.o [3]
std::ios_base::~ios_base()
                         0x800'06b9   0x24  Code  Gb  ios.o [3]
std::ios_base::~ios_base() [subobject]
                         0x800'068d    0x2  Code  Gb  ios.o [3]
std::ostream & std::endl<char, std::char_traits<char>>(std::ostream &)
                         0x800'147d   0x2e  Code  Wk  main.o [1]
std::ostream & std::operator <<<std::char_traits<char>>(std::ostream &, char const *)
                         0x800'0249  0x1b2  Code  Wk  main.o [1]
std::ostream::flush()    0x800'057b   0x54  Code  Wk  main.o [1]
std::ostream::operator <<(std::ostream&(*)(std::ostream&))
                         0x800'0ccd    0x6  Code  Wk  main.o [1]
std::streambuf::_Lock()
                         0x800'12bf    0x2  Code  Wk  iostream_cout.o [3]
std::streambuf::_Unlock()
                         0x800'14e3    0x2  Code  Wk  iostream_cout.o [3]
std::streambuf::overflow(int)
                         0x800'08a7    0x6  Code  Wk  iostream_cout.o [3]
std::streambuf::sync()   0x800'18d1    0x4  Code  Wk  iostream_cout.o [3]
std::streambuf::xsputn(char const *, int)
                         0x800'1261   0x5e  Code  Wk  iostream_cout.o [3]
strlen                   0x800'0525         Code  Gb  strlen.o [6]
toupper                  0x800'0cd3    0xc  Code  Wk  toupper.o [2]


[1] = C:\Users\cfranke.MANHN01\Documents\Semester6\Embedded\TrafficLightProject\Debug\Obj
[2] = dl7M_tln.a
[3] = dlpp7M_tl_nc.a
[4] = dlpprt7M_tl_nc.a
[5] = m7M_tls.a
[6] = rt7M_tl.a
[7] = shb_l.a

   5'587 bytes of readonly  code memory
     767 bytes of readonly  data memory
  17'009 bytes of readwrite data memory

Errors: none
Warnings: none
