###############################################################################
#
# IAR ELF Linker V9.20.4.327/W64 for ARM                  23/May/2022  15:59:03
# Copyright 2007-2022 IAR Systems AB.
#
#    Output file  =
#        C:\Users\cfranke.MANHN01\Documents\Semester6\Embedded\TrafficLightProject\Debug\Exe\TrafficLight.out
#    Map file     =
#        C:\Users\cfranke.MANHN01\Documents\Semester6\Embedded\TrafficLightProject\Debug\List\TrafficLight.map
#    Command line =
#        -f
#        C:\Users\cfranke.MANHN01\Documents\Semester6\Embedded\TrafficLightProject\Debug\Exe\TrafficLight.out.rsp
#        (C:\Users\cfranke.MANHN01\Documents\Semester6\Embedded\TrafficLightProject\Debug\Obj\Button.o
#        C:\Users\cfranke.MANHN01\Documents\Semester6\Embedded\TrafficLightProject\Debug\Obj\GPIO.o
#        C:\Users\cfranke.MANHN01\Documents\Semester6\Embedded\TrafficLightProject\Debug\Obj\LED.o
#        C:\Users\cfranke.MANHN01\Documents\Semester6\Embedded\TrafficLightProject\Debug\Obj\main.o
#        C:\Users\cfranke.MANHN01\Documents\Semester6\Embedded\TrafficLightProject\Debug\Obj\OS_InOperation.o
#        C:\Users\cfranke.MANHN01\Documents\Semester6\Embedded\TrafficLightProject\Debug\Obj\TLO_SoftwareOutput.o
#        C:\Users\cfranke.MANHN01\Documents\Semester6\Embedded\TrafficLightProject\Debug\Obj\TrafficLightController.o
#        --no_out_extension -o
#        C:\Users\cfranke.MANHN01\Documents\Semester6\Embedded\TrafficLightProject\Debug\Exe\TrafficLight.out
#        --redirect _Printf=_PrintfFullNoMb --redirect _Scanf=_ScanfFullNoMb
#        --map
#        C:\Users\cfranke.MANHN01\Documents\Semester6\Embedded\TrafficLightProject\Debug\List\TrafficLight.map
#        --config D:\IARWorkbench\arm\config\generic_cortex.icf --semihosting
#        --entry __iar_program_start --vfe --text_out locale)
#
###############################################################################

*******************************************************************************
*** RUNTIME MODEL ATTRIBUTES
***

CppFlavor                     = *
__CPP_Exceptions              = Disabled
__CPP_Language                = C++14
__CPP_Library                 = DLib
__CPP_Runtime                 = 1
__Heap_Handler                = Basic
__SystemLibrary               = DLib
__dlib_dynamic_initialization = normal
__dlib_version                = 6


*******************************************************************************
*** HEAP SELECTION
***

The basic heap was selected because some modules are built with
size limitations (and not runtime checking), and --advanced_heap
was not specified.


*******************************************************************************
*** PLACEMENT SUMMARY
***

"A0":  place at address 0x0 { ro section .intvec };
"P1":  place in [from 0x0 to 0x7'ffff] { ro };
define block CSTACK with size = 1K, alignment = 8 { };
define block PROC_STACK with size = 0, alignment = 8 { };
define block HEAP with size = 2K, alignment = 8 { };
"P2":  place in [from 0x2000'0000 to 0x2000'ffff] {
          rw, block CSTACK, block PROC_STACK, block HEAP };
initialize by copy { rw };

  Section                Kind         Address    Size  Object
  -------                ----         -------    ----  ------
"A0":                                            0x40
  .intvec                ro code          0x0    0x40  vector_table_M.o [6]
                                       - 0x40    0x40

"P1":                                          0x1a84
  .text                  ro code         0x40   0x1b2  Button.o [1]
  .text                  ro code        0x1f2     0x8  Button.o [1]
  .text                  ro code        0x1fa     0x4  Button.o [1]
  .text                  ro code        0x1fe    0x72  Button.o [1]
  .text                  ro code        0x270     0x4  Button.o [1]
  .text                  ro code        0x274     0x8  Button.o [1]
  .text                  ro code        0x27c     0x4  Button.o [1]
  .text                  ro code        0x280     0x6  Button.o [1]
  .text                  ro code        0x286     0x6  Button.o [1]
  .text                  ro code        0x28c     0x4  Button.o [1]
  .text                  ro code        0x290    0x32  Button.o [1]
  .text                  ro code        0x2c2    0x12  Button.o [1]
  .text                  ro code        0x2d4     0xa  Button.o [1]
  .text                  ro code        0x2de     0x8  Button.o [1]
  .text                  ro code        0x2e6    0x28  Button.o [1]
  .text                  ro code        0x30e     0xe  Button.o [1]
  .text                  ro code        0x31c    0x36  strlen.o [6]
  .text                  ro code        0x352     0x8  Button.o [1]
  .text                  ro code        0x35a    0x14  Button.o [1]
  .text                  ro code        0x36e     0x4  Button.o [1]
  .text                  ro code        0x372    0x54  Button.o [1]
  .text                  ro code        0x3c6    0x18  Button.o [1]
  .text                  ro code        0x3de     0xe  Button.o [1]
  .text                  ro code        0x3ec     0x4  Button.o [1]
  .text                  ro code        0x3f0     0x4  Button.o [1]
  .text                  ro code        0x3f4    0x18  Button.o [1]
  .text                  ro code        0x40c     0x8  Button.o [1]
  .text                  ro code        0x414    0x28  Button.o [1]
  .text                  ro code        0x43c     0xa  Button.o [1]
  .text                  ro code        0x446    0x14  Button.o [1]
  .text                  ro code        0x45a    0x2a  copy_init3.o [6]
  .text                  ro code        0x484   0x100  ios.o [3]
  .text                  ro code        0x584     0x8  Button.o [1]
  .text                  ro code        0x58c    0x54  Button.o [1]
  .text                  ro code        0x5e0     0x8  Button.o [1]
  .text                  ro code        0x5e8     0x6  abort.o [2]
  .text                  ro code        0x5ee     0x4  delop4_0.o [4]
  .text                  ro code        0x5f2    0x48  Button.o [1]
  .text                  ro code        0x63a    0x46  Button.o [1]
  .text                  ro code        0x680    0x14  exit.o [7]
  .text                  ro code        0x694     0xa  delop_0.o [4]
  .text                  ro code        0x69e    0x22  iostream_cout.o [3]
  .text                  ro code        0x6c0    0x7c  iarttio.o [7]
  .text                  ro code        0x73c     0x4  heaptramp0.o [2]
  .text                  ro code        0x740     0x8  XShttio.o [2]
  .text                  ro code        0x748   0x13c  heap0.o [2]
  .text                  ro code        0x884    0x2c  xgetmemchunk.o [2]
  .text                  ro code        0x8b0    0xe4  main.o [1]
  .text                  ro code        0x994    0x20  Button.o [1]
  .text                  ro code        0x9b4    0x24  main.o [1]
  .text                  ro code        0x9d8     0x6  main.o [1]
  .text                  ro code        0x9de    0x20  main.o [1]
  .text                  ro code        0x9fe    0x42  main.o [1]
  .text                  ro code        0xa40    0x18  Button.o [1]
  .text                  ro code        0xa58    0x18  main.o [1]
  .text                  ro code        0xa70     0x6  main.o [1]
  .text                  ro code        0xa76     0x6  main.o [1]
  .text                  ro code        0xa7c    0x14  isspace.o [2]
  .text                  ro code        0xa90    0x10  main.o [1]
  .text                  ro code        0xaa0    0x24  main.o [1]
  .text                  ro code        0xac4     0x8  Button.o [1]
  .text                  ro code        0xacc     0xe  main.o [1]
  .text                  ro code        0xada     0x6  iostream_cout.o [3]
  .text                  ro code        0xae0     0xc  Button.o [1]
  .text                  ro code        0xaec    0xda  OS_InOperation.o [1]
  .text                  ro code        0xbc6     0x8  OS_InOperation.o [1]
  .text                  ro code        0xbce     0x6  iostream_cout.o [3]
  .text                  ro code        0xbd4    0x18  OS_InOperation.o [1]
  .text                  ro code        0xbec    0x18  OS_InOperation.o [1]
  .text                  ro code        0xc04    0x18  OS_InOperation.o [1]
  .text                  ro code        0xc1c    0x18  OS_InOperation.o [1]
  .text                  ro code        0xc34     0x6  Button.o [1]
  .text                  ro code        0xc3a     0xc  toupper.o [2]
  .text                  ro code        0xc46     0x4  OS_InOperation.o [1]
  .text                  ro code        0xc4a     0x8  OS_InOperation.o [1]
  .text                  ro code        0xc52     0x4  OS_InOperation.o [1]
  .text                  ro code        0xc56     0x2  main.o [1]
  .text                  ro code        0xc58    0xbc  main.o [1]
  .text                  ro code        0xd14    0x24  newop_0.o [4]
  .text                  ro code        0xd38    0x10  main.o [1]
  .text                  ro code        0xd48     0xc  main.o [1]
  .text                  ro code        0xd54    0x8c  TrafficLightController.o [1]
  .text                  ro code        0xde0     0x4  nomemory.o [4]
  .text                  ro code        0xde4    0x18  TrafficLightController.o [1]
  .text                  ro code        0xdfc    0xa0  cppinit.o [2]
  .text                  ro code        0xe9c    0x94  iostream_cin.o [3]
  .text                  ro code        0xf30    0x5c  iostream_cout.o [3]
  .text                  ro code        0xf8c     0xa  cxxabi.o [4]
  .text                  ro code        0xf96     0x2  OS_InOperation.o [1]
  .text                  ro code        0xf98    0x90  iostream_cout.o [3]
  .text                  ro code       0x1028    0x7c  main.o [1]
  .text                  ro code       0x10a4    0x1c  main.o [1]
  .text                  ro code       0x10c0     0x4  main.o [1]
  .text                  ro code       0x10c4     0xe  main.o [1]
  .text                  ro code       0x10d2     0x8  main.o [1]
  .text                  ro code       0x10da     0x8  main.o [1]
  .text                  ro code       0x10e2    0x48  main.o [1]
  .text                  ro code       0x112a    0x46  main.o [1]
  .text                  ro code       0x1170    0x76  Button.o [1]
  .text                  ro code       0x11e6     0x2  OS_InOperation.o [1]
  .text                  ro code       0x11e8    0x76  ABImemcpy_unaligned.o [6]
  .text                  ro code       0x125e     0x2  OS_InOperation.o [1]
  .rodata                const         0x1260    0x60  main.o [1]
  .text                  ro code       0x12c0    0x5e  iostream_cout.o [3]
  .text                  ro code       0x131e    0x4a  iostream_cout.o [3]
  .text                  ro code       0x1368    0x38  getchar.o [2]
  .text                  ro code       0x13a0    0x30  read.o [7]
  .rodata                const         0x13d0    0x44  iostream_cout.o [3]
  .rodata                const         0x1414    0x44  iostream_cout.o [3]
  .text                  ro code       0x1458    0x38  iostream_cout.o [3]
  .text                  ro code       0x1490    0x20  putchar.o [2]
  .text                  ro code       0x14b0    0x10  write.o [7]
  .text                  ro code       0x14c0    0x1e  dwrite.o [7]
  .text                  ro code       0x14de    0x20  iarwstd.o [7]
  .text                  ro code       0x14fe    0x22  iarwrite.o [7]
  .text                  ro code       0x1520    0x38  zero_init3.o [6]
  .rodata                const         0x1558    0x34  main.o [1]
  .text                  ro code       0x158c    0x34  iostream_cout.o [3]
  .text                  ro code       0x15c0    0x2e  Button.o [1]
  .text                  ro code       0x15ee    0x12  Button.o [1]
  .text                  ro code       0x1600     0x6  Button.o [1]
  .text                  ro code       0x1606     0x2  OS_InOperation.o [1]
  .rodata                const         0x1608    0x2c  main.o [1]
  .text                  ro code       0x1634    0x2c  iostream_cout.o [3]
  .rodata                const         0x1660    0x28  main.o [1]
  .rodata                const         0x1688    0x28  iostream_cout.o [3]
  .rodata                const         0x16b0    0x28  iostream_cin.o [3]
  .text                  ro code       0x16d8    0x28  data_init.o [6]
  .rodata                const         0x1700    0x24  main.o [1]
  .iar.init_table        const         0x1724    0x28  - Linker created -
  .rodata                const         0x174c    0x20  main.o [1]
  .text                  ro code       0x176c    0x20  main.o [1]
  .text                  ro code       0x178c    0x20  main.o [1]
  .text                  ro code       0x17ac    0x20  main.o [1]
  .text                  ro code       0x17cc    0x20  main.o [1]
  .text                  ro code       0x17ec    0x20  main.o [1]
  .text                  ro code       0x180c    0x20  cmain_call_ctors.o [6]
  .text                  ro code       0x182c    0x1e  cmain.o [6]
  .text                  ro code       0x184a     0x4  low_level_init.o [2]
  .text                  ro code       0x184e     0x4  exit.o [2]
  .text                  ro code       0x1852     0x2  TrafficLightController.o [1]
  .text                  ro code       0x1854     0xe  cexit.o [6]
  .text                  ro code       0x1862     0x2  TrafficLightController.o [1]
  .rodata                const         0x1864    0x1c  OS_InOperation.o [1]
  .text                  ro code       0x1880    0x1c  cstartup_M.o [6]
  .rodata                const         0x189c    0x18  main.o [1]
  .rodata                const         0x18b4    0x14  main.o [1]
  .rodata                const         0x18c8    0x14  main.o [1]
  .rodata                const         0x18dc    0x14  main.o [1]
  .rodata                const         0x18f0    0x14  main.o [1]
  .rodata                const         0x1904    0x14  OS_InOperation.o [1]
  .rodata                const         0x1918    0x14  OS_InOperation.o [1]
  .rodata                const         0x192c    0x14  OS_InOperation.o [1]
  .rodata                const         0x1940    0x14  OS_InOperation.o [1]
  .rodata                const         0x1954    0x14  OS_InOperation.o [1]
  .rodata                const         0x1968    0x14  TrafficLightController.o [1]
  .text                  ro code       0x197c    0x14  main.o [1]
  .text                  ro code       0x1990    0x14  iostream_cout.o [3]
  .rodata                const         0x19a4    0x10  Button.o [1]
  .rodata                const         0x19b4    0x10  Button.o [1]
  .rodata                const         0x19c4    0x10  ios.o [3]
  .rodata                const         0x19d4    0x10  iostream_cout.o [3]
  .text                  ro code       0x19e4    0x10  OS_InOperation.o [1]
  .text                  ro code       0x19f4    0x10  OS_InOperation.o [1]
  .text                  ro code       0x1a04    0x10  OS_InOperation.o [1]
  .text                  ro code       0x1a14    0x10  OS_InOperation.o [1]
  .text                  ro code       0x1a24    0x10  OS_InOperation.o [1]
  .text                  ro code       0x1a34    0x10  OS_InOperation.o [1]
  .text                  ro code       0x1a44    0x10  OS_InOperation.o [1]
  .text                  ro code       0x1a54    0x10  OS_InOperation.o [1]
  .text                  ro code       0x1a64    0x10  TrafficLightController.o [1]
  .text                  ro code       0x1a74    0x10  iostream_cin.o [3]
  .text                  ro code       0x1a84     0xe  iostream_cout.o [3]
  .text                  ro code       0x1a92     0x2  iostream_cout.o [3]
  .rodata                const         0x1a94     0xc  main.o [1]
  SHT$$PREINIT_ARRAY                   0x1aa0     0x8  <Block>
    .preinit_array       const         0x1aa0     0x4  iostream_cout.o [3]
    .preinit_array       const         0x1aa4     0x4  iostream_cin.o [3]
  SHT$$INIT_ARRAY                      0x1aa8     0x4  <Block>
    .init_array          const         0x1aa8     0x4  ios.o [3]
  __iar_tls$$INIT_ARRAY                0x1aac     0x0  <Block>
  Initializer bytes      const         0x1aac     0xc  <for P2-1>
  .text                  ro code       0x1ab8     0x4  iostream_cout.o [3]
  .text                  ro code       0x1abc     0x2  iostream_cout.o [3]
  .text                  ro code       0x1abe     0x2  vectortrap_M.o [6]
  .rodata                const         0x1ac0     0x1  unwind_debug.o [7]
  .text                  ro code       0x1ac4     0x0  cstart_call_dtors.o [6]
  .rodata                const         0x1ac4     0x0  zero_init3.o [6]
  .rodata                const         0x1ac4     0x0  copy_init3.o [6]
                                     - 0x1ac4  0x1a84

"P2", part 1 of 3:                                0xc
  P2-1                            0x2000'0000     0xc  <Init block>
    .data                inited   0x2000'0000     0x4  getchar.o [2]
    .data                inited   0x2000'0004     0x8  XShttio.o [2]
                                - 0x2000'000c     0xc

"P2", part 2 of 3:                              0x148
  .bss                   zero     0x2000'000c    0x70  iostream_cout.o [3]
  .bss                   zero     0x2000'007c    0x70  iostream_cin.o [3]
  .bss                   zero     0x2000'00ec    0x34  ios.o [3]
  .bss                   zero     0x2000'0120     0x4  Button.o [1]
  .bss                   zero     0x2000'0128    0x10  ios.o [3]
  .bss                   zero     0x2000'0138     0x8  heap0.o [2]
  .bss                   zero     0x2000'0140     0x4  cppinit.o [2]
  .bss                   zero     0x2000'0144     0x4  cppinit.o [2]
  .bss                   zero     0x2000'0148     0x4  new.o [4]
  .bss                   zero     0x2000'014c     0x4  xgetmemchunk.o [2]
  .bss                   zero     0x2000'0150     0x1  Button.o [1]
                                - 0x2000'0151   0x145

"P2", part 3 of 3:                              0xda4
  .iar.dynexit                    0x2000'0154   0x1a4  <Block>
    .iar.dynexit         uninit   0x2000'0154     0xc  cppinit.o [2]
    .iar.dynexit         uninit   0x2000'0160   0x198  <Block tail>
  CSTACK                          0x2000'02f8   0x400  <Block>
    CSTACK               uninit   0x2000'02f8   0x400  <Block tail>
  HEAP                            0x2000'06f8   0x800  <Block>
    HEAP                 uninit   0x2000'06f8   0x800  <Block tail>
                                - 0x2000'0ef8   0xda4

Unused ranges:

         From           To      Size
         ----           --      ----
       0x1ac4     0x7'ffff  0x7'e53c
  0x2000'0ef8  0x2000'ffff    0xf108


*******************************************************************************
*** INIT TABLE
***

          Address      Size
          -------      ----
Zero (__iar_zero_init3)
    1 destination range, total size 0x145:
          0x2000'000c  0x145

Copy (__iar_copy_init3)
    1 source range, total size 0xc:
               0x1aac    0xc
    1 destination range, total size 0xc:
          0x2000'0000    0xc

Extra (__iar_cstart_call_ctors)



*******************************************************************************
*** MODULE SUMMARY
***

    Module                    ro code  ro data  rw data
    ------                    -------  -------  -------
command line/config:
    ---------------------------------------------------
    Total:

C:\Users\cfranke.MANHN01\Documents\Semester6\Embedded\TrafficLightProject\Debug\Obj: [1]
    Button.o                    1'508       32        5
    OS_InOperation.o              474      128
    TrafficLightController.o      184       20
    main.o                      1'196      416
    ---------------------------------------------------
    Total:                      3'362      596        5

dl7M_tln.a: [2]
    XShttio.o                       8        8        8
    abort.o                         6
    cppinit.o                     160                20
    exit.o                          4
    getchar.o                      56        4        4
    heap0.o                       316                 8
    heaptramp0.o                    4
    isspace.o                      20
    low_level_init.o                4
    putchar.o                      32
    toupper.o                      12
    xgetmemchunk.o                 44                 4
    ---------------------------------------------------
    Total:                        666       12       44

dlpp7M_tl_nc.a: [3]
    ios.o                         256       20       68
    iostream_cin.o                164       44      112
    iostream_cout.o               644      196      112
    ---------------------------------------------------
    Total:                      1'064      260      292

dlpprt7M_tl_nc.a: [4]
    cxxabi.o                       10
    delop4_0.o                      4
    delop_0.o                      10
    new.o                                             4
    newop_0.o                      36
    nomemory.o                      4
    ---------------------------------------------------
    Total:                         64                 4

m7M_tl.a: [5]
    ---------------------------------------------------
    Total:

rt7M_tl.a: [6]
    ABImemcpy_unaligned.o         118
    cexit.o                        14
    cmain.o                        30
    cmain_call_ctors.o             32
    copy_init3.o                   42
    cstart_call_dtors.o
    cstartup_M.o                   28
    data_init.o                    40
    strlen.o                       54
    vector_table_M.o               64
    vectortrap_M.o                  2
    zero_init3.o                   56
    ---------------------------------------------------
    Total:                        480

shb_l.a: [7]
    dwrite.o                       30
    exit.o                         20
    iarttio.o                     124
    iarwrite.o                     34
    iarwstd.o                      32
    read.o                         48
    unwind_debug.o                           1
    write.o                        16
    ---------------------------------------------------
    Total:                        304        1

    Gaps                            3                 4
    Linker created                          40    3'480
-------------------------------------------------------
    Grand Total:                5'943      909    3'829


*******************************************************************************
*** ENTRY LIST
***

Entry                       Address   Size  Type      Object
-----                       -------   ----  ----      ------
.iar.dynexit$$Base      0x2000'0154          --   Gb  - Linker created -
.iar.dynexit$$Limit     0x2000'02f8          --   Gb  - Linker created -
.iar.init_table$$Base        0x1724          --   Gb  - Linker created -
.iar.init_table$$Limit       0x174c          --   Gb  - Linker created -
?main                        0x182d         Code  Gb  cmain.o [6]
Aldata                  0x2000'0138    0x8  Data  Lc  heap0.o [2]
BusFault_Handler             0x1abf         Code  Wk  vectortrap_M.o [6]
CSTACK$$Base            0x2000'02f8          --   Gb  - Linker created -
CSTACK$$Limit           0x2000'06f8          --   Gb  - Linker created -
DebugMon_Handler             0x1abf         Code  Wk  vectortrap_M.o [6]
DtorRecArray            0x2000'0154    0xc  Data  Lc  cppinit.o [2]
HEAP$$Base              0x2000'06f8          --   Gb  - Linker created -
HEAP$$Limit             0x2000'0ef8          --   Gb  - Linker created -
HardFault_Handler            0x1abf         Code  Wk  vectortrap_M.o [6]
IOperationState::IOperationState(ITrafficLightOutput *)
                              0xc47    0x4  Code  Wk  OS_InOperation.o [1]
IOperationState::IOperationState(ITrafficLightOutput *) [subobject]
                              0xbc7    0x8  Code  Wk  OS_InOperation.o [1]
Initialization guard variable for std::ctype<char> const & std::use_facet<std::ctype<char>>()::_MyFacet
                        0x2000'0150    0x1  Data  Wk  Button.o [1]
MemManage_Handler            0x1abf         Code  Wk  vectortrap_M.o [6]
NMI_Handler                  0x1abf         Code  Wk  vectortrap_M.o [6]
OS_InOperation::Entry()
                              0xb45   0x24  Code  Gb  OS_InOperation.o [1]
OS_InOperation::Execution(char)
                              0xb79   0x3e  Code  Gb  OS_InOperation.o [1]
OS_InOperation::Exit()        0xbb7   0x10  Code  Gb  OS_InOperation.o [1]
OS_InOperation::OS_InOperation(ITrafficLightOutput *)
                              0xaed   0x58  Code  Gb  OS_InOperation.o [1]
PendSV_Handler               0x1abf         Code  Wk  vectortrap_M.o [6]
Region$$Table$$Base          0x1724          --   Gb  - Linker created -
Region$$Table$$Limit         0x174c          --   Gb  - Linker created -
SHT$$INIT_ARRAY$$Base        0x1aa8          --   Gb  - Linker created -
SHT$$INIT_ARRAY$$Limit       0x1aac          --   Gb  - Linker created -
SHT$$PREINIT_ARRAY$$Base
                             0x1aa0          --   Gb  - Linker created -
SHT$$PREINIT_ARRAY$$Limit
                             0x1aa8          --   Gb  - Linker created -
SVC_Handler                  0x1abf         Code  Wk  vectortrap_M.o [6]
SysTick_Handler              0x1abf         Code  Wk  vectortrap_M.o [6]
TLO_SoftwareOutput::Off()
                              0xc57    0x2  Code  Wk  main.o [1]
TLO_SoftwareOutput::OutputAmber()
                             0x17ad   0x20  Code  Wk  main.o [1]
TLO_SoftwareOutput::OutputFlashing()
                             0x17ed   0x20  Code  Wk  main.o [1]
TLO_SoftwareOutput::OutputGreen()
                             0x17cd   0x20  Code  Wk  main.o [1]
TLO_SoftwareOutput::OutputRed()
                             0x176d   0x20  Code  Wk  main.o [1]
TLO_SoftwareOutput::OutputRedAmber()
                             0x178d   0x20  Code  Wk  main.o [1]
TrafficLightController::Controller(char)
                              0xd8b   0x56  Code  Gb  TrafficLightController.o [1]
TrafficLightController::TrafficLightController(ITrafficLightOutput *)
                              0xd55   0x36  Code  Gb  TrafficLightController.o [1]
UsageFault_Handler           0x1abf         Code  Wk  vectortrap_M.o [6]
Virtual function table for std::_Wrap_facet<std::ctype<char>>
                             0x19b4   0x10  Data  Wk  Button.o [1]
Virtual function table for std::ios
                             0x19d4   0x10  Data  Wk  iostream_cout.o [3]
Virtual function table for std::ios_base
                             0x19c4   0x10  Data  Wk  ios.o [3]
[local to ios_cpp]::std::stdopens
                        0x2000'00ec    0xc  Data  Lc  ios.o [3]
[local to ios_cpp]::std::stdstr
                        0x2000'00f8   0x28  Data  Lc  ios.o [3]
[local to iostream_cin_cpp]::std::fin
                        0x2000'00ac   0x40  Data  Lc  iostream_cin.o [3]
[local to iostream_cout_cpp]::std::__iarcoutguard
                        0x2000'0038    0x1  Data  Lc  iostream_cout.o [3]
[local to iostream_cout_cpp]::std::fout
                        0x2000'003c   0x40  Data  Lc  iostream_cout.o [3]
_UngetChar              0x2000'0000    0x4  Data  Lc  getchar.o [2]
__aeabi_atexit                0xf8d    0xa  Code  Gb  cxxabi.o [4]
__basic_free                  0x7f5   0x16  Code  Gb  heap0.o [2]
__basic_free_intern           0x80b   0x74  Code  Lc  heap0.o [2]
__basic_malloc                0x749   0x18  Code  Gb  heap0.o [2]
__basic_malloc_intern         0x761   0x94  Code  Lc  heap0.o [2]
__call_ctors                  0xdfd   0x18  Code  Gb  cppinit.o [2]
__call_dtors                  0xe4b    0xc  Code  Gb  cppinit.o [2]
__call_dtors0                 0xe57   0x36  Code  Gb  cppinit.o [2]
__cexit_call_dtors           0x1857         Code  Gb  cexit.o [6]
__cmain                      0x182d         Code  Gb  cmain.o [6]
__cstart_call_dtors          0x1ac4         Data  Gb  cstart_call_dtors.o [6]
__cxa_atexit                  0xe15   0x36  Code  Gb  cppinit.o [2]
__data_GetMemChunk            0x885   0x2c  Code  Gb  xgetmemchunk.o [2]
__data_GetMemChunk::start
                        0x2000'014c    0x4  Data  Lc  xgetmemchunk.o [2]
__dso_handle            0x2000'0144    0x4  Data  Gb  cppinit.o [2]
__dwrite                     0x14c1   0x1e  Code  Gb  dwrite.o [7]
__exit                        0x681   0x14  Code  Gb  exit.o [7]
__iar_close_ttio              0x6c1   0x2c  Code  Gb  iarttio.o [7]
__iar_copy_init3              0x45b   0x2a  Code  Gb  copy_init3.o [6]
__iar_cstart_call_ctors
                             0x180d   0x20  Code  Gb  cmain_call_ctors.o [6]
__iar_data_init3             0x16d9   0x28  Code  Gb  data_init.o [6]
__iar_debug_exceptions       0x1ac0    0x1  Data  Gb  unwind_debug.o [7]
__iar_get_ttio                0x6ed   0x4c  Code  Gb  iarttio.o [7]
__iar_lookup_ttioh            0x741    0x8  Code  Gb  XShttio.o [2]
__iar_program_start          0x1881         Code  Gb  cstartup_M.o [6]
__iar_sh_stdout              0x14df   0x20  Code  Gb  iarwstd.o [7]
__iar_sh_write               0x14ff   0x22  Code  Gb  iarwrite.o [7]
__iar_tls$$INIT_ARRAY$$Base
                             0x1aac          --   Gb  - Linker created -
__iar_tls$$INIT_ARRAY$$Limit
                             0x1aac          --   Gb  - Linker created -
__iar_ttio_handles      0x2000'0004    0x8  Data  Lc  XShttio.o [2]
__iar_unaligned_memcpy       0x11e9         Code  Gb  ABImemcpy_unaligned.o [6]
__iar_unaligned_memcpy4
                             0x1209         Code  Gb  ABImemcpy_unaligned.o [6]
__iar_unaligned_memcpy8
                             0x1209         Code  Gb  ABImemcpy_unaligned.o [6]
__iar_zero_init3             0x1521   0x38  Code  Gb  zero_init3.o [6]
__low_level_init             0x184b    0x4  Code  Gb  low_level_init.o [2]
__read                       0x13a1   0x30  Code  Gb  read.o [7]
__sti__routine                0x487    0xa  Code  Lc  ios.o [3]
__sti__routine                0xf99   0x90  Code  Lc  iostream_cout.o [3]
__sti__routine                0xe9d   0x94  Code  Lc  iostream_cin.o [3]
__ungetchar                  0x1397    0x6  Code  Gb  getchar.o [2]
__vector_table                  0x0         Data  Gb  vector_table_M.o [6]
__write                      0x14b1   0x10  Code  Gb  write.o [7]
_call_main                   0x1839         Code  Gb  cmain.o [6]
_exit                        0x1855         Code  Gb  cexit.o [6]
abort                         0x5e9    0x6  Code  Gb  abort.o [2]
exit                         0x184f    0x4  Code  Gb  exit.o [2]
free                          0x73d    0x4  Code  Gb  heaptramp0.o [2]
getchar                      0x1369   0x2e  Code  Gb  getchar.o [2]
isspace                       0xa7d   0x14  Code  Wk  isspace.o [2]
main                          0xc59   0xbc  Code  Gb  main.o [1]
next_abi_dtor_rec       0x2000'0140    0x4  Data  Lc  cppinit.o [2]
operator delete (void *)
                              0x695    0xa  Code  Gb  delop_0.o [4]
operator delete (void *, unsigned int)
                              0x5ef    0x4  Code  Gb  delop4_0.o [4]
operator new (unsigned int)
                              0xd15   0x24  Code  Gb  newop_0.o [4]
putchar                      0x1491   0x20  Code  Gb  putchar.o [2]
std::_Fpz               0x2000'0128   0x10  Data  Gb  ios.o [3]
std::_NomemoryNothrow()
                              0xde1    0x4  Code  Gb  nomemory.o [4]
std::__iar_New_hand     0x2000'0148    0x4  Data  Gb  new.o [4]
std::__nobasic_filebuf<char, std::char_traits<char>>::__nobasic_filebuf()
                              0xf31   0x5c  Code  Wk  iostream_cout.o [3]
std::__nobasic_filebuf<char, std::char_traits<char>>::overflow(int)
                             0x1459   0x38  Code  Wk  iostream_cout.o [3]
std::__nobasic_filebuf<char, std::char_traits<char>>::uflow()
                             0x1635   0x2c  Code  Wk  iostream_cout.o [3]
std::char_traits<char>::eq_int_type(int const &, int const &)
                              0x2c3   0x12  Code  Wk  Button.o [1]
std::char_traits<char>::to_int_type(char const &)
                              0x3ed    0x4  Code  Wk  Button.o [1]
std::cin                0x2000'007c   0x30  Data  Gb  iostream_cin.o [3]
std::cout               0x2000'000c   0x2c  Data  Gb  iostream_cout.o [3]
std::ctype<char> const & std::use_facet<std::ctype<char>>()
                              0x995   0x20  Code  Wk  Button.o [1]
std::ctype<char> const & std::use_facet<std::ctype<char>>()::_MyFacet
                        0x2000'0120    0x4  Data  Wk  Button.o [1]
std::ios::rdbuf() const
                              0x28d    0x4  Code  Wk  Button.o [1]
std::ios::setstate(std::_Iosb<int>::_Iostate, bool)
                              0x2e7   0x28  Code  Wk  Button.o [1]
std::ios::tie() const         0x36f    0x4  Code  Wk  Button.o [1]
std::ios_base::_Addstd(std::ios_base*)
                              0x4f1   0x32  Code  Gb  ios.o [3]
std::ios_base::_Callfns(std::ios_base::event)
                              0x4d5   0x1c  Code  Gb  ios.o [3]
std::ios_base::_Init()        0x531   0x1c  Code  Gb  ios.o [3]
std::ios_base::_Tidy()        0x54d   0x38  Code  Gb  ios.o [3]
std::ios_base::clear(std::_Iosb<int>::_Iostate, bool)
                              0x491   0x20  Code  Gb  ios.o [3]
std::ios_base::flags() const
                              0x27d    0x4  Code  Wk  Button.o [1]
std::ios_base::good() const
                              0x35b   0x14  Code  Wk  Button.o [1]
std::ios_base::~ios_base()
                              0x4b1   0x24  Code  Gb  ios.o [3]
std::ios_base::~ios_base() [subobject]
                              0x485    0x2  Code  Gb  ios.o [3]
std::operator &(std::_Iosb<int>::_Fmtflags, std::_Iosb<int>::_Fmtflags)
                              0x281    0x6  Code  Wk  Button.o [1]
std::operator |=(std::_Iosb<int>::_Iostate &, std::_Iosb<int>::_Iostate)
                              0x275    0x8  Code  Wk  Button.o [1]
std::ostream & std::endl<char, std::char_traits<char>>(std::ostream &)
                             0x15c1   0x2e  Code  Wk  Button.o [1]
std::ostream & std::operator <<<std::char_traits<char>>(std::ostream &, char const *)
                               0x41  0x1b2  Code  Wk  Button.o [1]
std::ostream::flush()         0x373   0x54  Code  Wk  Button.o [1]
std::ostream::operator <<(std::ostream&(*)(std::ostream&))
                              0xc35    0x6  Code  Wk  Button.o [1]
std::streambuf::_Lock()
                             0x1a93    0x2  Code  Wk  iostream_cout.o [3]
std::streambuf::_Unlock()
                             0x1abd    0x2  Code  Wk  iostream_cout.o [3]
std::streambuf::overflow(int)
                              0xadb    0x6  Code  Wk  iostream_cout.o [3]
std::streambuf::sync()       0x1ab9    0x4  Code  Wk  iostream_cout.o [3]
std::streambuf::uflow()
                              0x69f   0x22  Code  Wk  iostream_cout.o [3]
std::streambuf::xsputn(char const *, int)
                             0x12c1   0x5e  Code  Wk  iostream_cout.o [3]
strlen                        0x31d         Code  Gb  strlen.o [6]
toupper                       0xc3b    0xc  Code  Wk  toupper.o [2]


[1] = C:\Users\cfranke.MANHN01\Documents\Semester6\Embedded\TrafficLightProject\Debug\Obj
[2] = dl7M_tln.a
[3] = dlpp7M_tl_nc.a
[4] = dlpprt7M_tl_nc.a
[5] = m7M_tl.a
[6] = rt7M_tl.a
[7] = shb_l.a

  5'943 bytes of readonly  code memory
    909 bytes of readonly  data memory
  3'829 bytes of readwrite data memory

Errors: none
Warnings: none
