###############################################################################
#
# IAR ELF Linker V9.20.4.327/W64 for ARM                  22/May/2022  15:19:46
# Copyright 2007-2022 IAR Systems AB.
#
#    Output file  =
#        C:\Users\cfranke.MANHN01\Documents\Semester6\Embedded\TrafficLightProject\Debug\Exe\TrafficLight.out
#    Map file     =
#        C:\Users\cfranke.MANHN01\Documents\Semester6\Embedded\TrafficLightProject\Debug\List\TrafficLight.map
#    Command line =
#        -f
#        C:\Users\cfranke.MANHN01\Documents\Semester6\Embedded\TrafficLightProject\Debug\Exe\TrafficLight.out.rsp
#        (C:\Users\cfranke.MANHN01\Documents\Semester6\Embedded\TrafficLightProject\Debug\Obj\InputSystem.o
#        C:\Users\cfranke.MANHN01\Documents\Semester6\Embedded\TrafficLightProject\Debug\Obj\main.o
#        C:\Users\cfranke.MANHN01\Documents\Semester6\Embedded\TrafficLightProject\Debug\Obj\TrafficLight.o
#        --no_out_extension -o
#        C:\Users\cfranke.MANHN01\Documents\Semester6\Embedded\TrafficLightProject\Debug\Exe\TrafficLight.out
#        --redirect _Printf=_PrintfFullNoMb --redirect _Scanf=_ScanfFullNoMb
#        --map
#        C:\Users\cfranke.MANHN01\Documents\Semester6\Embedded\TrafficLightProject\Debug\List\TrafficLight.map
#        --config D:\IARWorkbench\arm\config\generic_cortex.icf --semihosting
#        --entry __iar_program_start --vfe --text_out locale)
#
###############################################################################

*******************************************************************************
*** RUNTIME MODEL ATTRIBUTES
***

CppFlavor                     = *
__CPP_Exceptions              = Disabled
__CPP_Language                = C++14
__CPP_Library                 = DLib
__CPP_Runtime                 = 1
__Heap_Handler                = Basic
__SystemLibrary               = DLib
__dlib_dynamic_initialization = normal
__dlib_version                = 6


*******************************************************************************
*** HEAP SELECTION
***

The basic heap was selected because some modules are built with
size limitations (and not runtime checking), and --advanced_heap
was not specified.


*******************************************************************************
*** PLACEMENT SUMMARY
***

"A0":  place at address 0x0 { ro section .intvec };
"P1":  place in [from 0x0 to 0x7'ffff] { ro };
define block CSTACK with size = 1K, alignment = 8 { };
define block PROC_STACK with size = 0, alignment = 8 { };
define block HEAP with size = 2K, alignment = 8 { };
"P2":  place in [from 0x2000'0000 to 0x2000'ffff] {
          rw, block CSTACK, block PROC_STACK, block HEAP };
initialize by copy { rw };

  Section                Kind         Address   Size  Object
  -------                ----         -------   ----  ------
"A0":                                           0x40
  .intvec                ro code          0x0   0x40  vector_table_M.o [5]
                                       - 0x40   0x40

"P1":                                          0xf60
  .text                  ro code         0x40  0x1b2  main.o [1]
  .text                  ro code        0x1f2    0x8  main.o [1]
  .text                  ro code        0x1fa    0x4  main.o [1]
  .text                  ro code        0x1fe   0x72  main.o [1]
  .text                  ro code        0x270    0x4  main.o [1]
  .text                  ro code        0x274    0x8  main.o [1]
  .text                  ro code        0x27c    0x4  main.o [1]
  .text                  ro code        0x280    0x6  main.o [1]
  .text                  ro code        0x286    0x6  main.o [1]
  .text                  ro code        0x28c    0x4  main.o [1]
  .text                  ro code        0x290   0x32  main.o [1]
  .text                  ro code        0x2c2   0x12  main.o [1]
  .text                  ro code        0x2d4    0xa  main.o [1]
  .text                  ro code        0x2de    0x8  main.o [1]
  .text                  ro code        0x2e6   0x28  main.o [1]
  .text                  ro code        0x30e    0xe  main.o [1]
  .text                  ro code        0x31c   0x36  strlen.o [5]
  .text                  ro code        0x352    0x8  main.o [1]
  .text                  ro code        0x35a   0x14  main.o [1]
  .text                  ro code        0x36e    0x4  main.o [1]
  .text                  ro code        0x372   0x54  main.o [1]
  .text                  ro code        0x3c6   0x18  main.o [1]
  .text                  ro code        0x3de    0xe  main.o [1]
  .text                  ro code        0x3ec    0x4  main.o [1]
  .text                  ro code        0x3f0    0x4  main.o [1]
  .text                  ro code        0x3f4   0x18  main.o [1]
  .text                  ro code        0x40c    0x8  main.o [1]
  .text                  ro code        0x414   0x28  main.o [1]
  .text                  ro code        0x43c    0xa  main.o [1]
  .text                  ro code        0x446   0x14  main.o [1]
  .text                  ro code        0x45a   0x2a  copy_init3.o [5]
  .text                  ro code        0x484  0x100  ios.o [3]
  .text                  ro code        0x584    0x8  main.o [1]
  .text                  ro code        0x58c   0x54  main.o [1]
  .text                  ro code        0x5e0    0x8  main.o [1]
  .text                  ro code        0x5e8    0x6  abort.o [2]
  .text                  ro code        0x5ee    0x4  delop4_0.o [4]
  .text                  ro code        0x5f2   0x48  main.o [1]
  .text                  ro code        0x63a   0x46  main.o [1]
  .text                  ro code        0x680   0x14  exit.o [6]
  .text                  ro code        0x694    0xa  delop_0.o [4]
  .text                  ro code        0x69e    0x6  iostream_cout.o [3]
  .text                  ro code        0x6a4   0x7c  iarttio.o [6]
  .text                  ro code        0x720    0x4  heaptramp0.o [2]
  .text                  ro code        0x724    0x8  XShttio.o [2]
  .text                  ro code        0x72c   0x90  heap0.o [2]
  .text                  ro code        0x7bc   0xa0  cppinit.o [2]
  .text                  ro code        0x85c   0x90  iostream_cout.o [3]
  .text                  ro code        0x8ec   0x5c  iostream_cout.o [3]
  .text                  ro code        0x948    0xa  cxxabi.o [4]
  .text                  ro code        0x952   0x76  main.o [1]
  .text                  ro code        0x9c8   0x76  ABImemcpy_unaligned.o [5]
  .text                  ro code        0xa3e    0x2  iostream_cout.o [3]
  .text                  ro code        0xa40   0x6c  main.o [1]
  .text                  ro code        0xaac    0x6  main.o [1]
  .text                  ro code        0xab2    0x2  iostream_cout.o [3]
  .rodata                const          0xab4   0x60  main.o [1]
  .text                  ro code        0xb14   0x5e  iostream_cout.o [3]
  .text                  ro code        0xb72    0x2  vectortrap_M.o [5]
  .rodata                const          0xb74   0x44  iostream_cout.o [3]
  .rodata                const          0xbb8   0x44  iostream_cout.o [3]
  .text                  ro code        0xbfc   0x38  iostream_cout.o [3]
  .text                  ro code        0xc34   0x20  putchar.o [2]
  .text                  ro code        0xc54   0x10  write.o [6]
  .text                  ro code        0xc64   0x1e  dwrite.o [6]
  .text                  ro code        0xc82   0x20  iarwstd.o [6]
  .text                  ro code        0xca2   0x22  iarwrite.o [6]
  .text                  ro code        0xcc4   0x38  zero_init3.o [5]
  .rodata                const          0xcfc   0x34  main.o [1]
  .text                  ro code        0xd30   0x2e  main.o [1]
  .text                  ro code        0xd5e   0x12  main.o [1]
  .text                  ro code        0xd70   0x20  main.o [1]
  .text                  ro code        0xd90    0x6  main.o [1]
  .rodata                const          0xd96    0x1  unwind_debug.o [6]
  .text                  ro code        0xd98   0x18  main.o [1]
  .text                  ro code        0xdb0    0x8  main.o [1]
  .text                  ro code        0xdb8    0xc  main.o [1]
  .rodata                const          0xdc4   0x2c  main.o [1]
  .rodata                const          0xdf0   0x28  main.o [1]
  .rodata                const          0xe18   0x28  iostream_cout.o [3]
  .text                  ro code        0xe40   0x28  data_init.o [5]
  .rodata                const          0xe68   0x24  main.o [1]
  .iar.init_table        const          0xe8c   0x28  - Linker created -
  .text                  ro code        0xeb4   0x20  cmain_call_ctors.o [5]
  .text                  ro code        0xed4   0x1e  cmain.o [5]
  .text                  ro code        0xef2    0x4  low_level_init.o [2]
  .text                  ro code        0xef6    0x4  exit.o [2]
  .text                  ro code        0xefc    0xe  cexit.o [5]
  .text                  ro code        0xf0c   0x1c  cstartup_M.o [5]
  .text                  ro code        0xf28   0x14  iostream_cout.o [3]
  .rodata                const          0xf3c   0x10  main.o [1]
  .rodata                const          0xf4c   0x10  main.o [1]
  .rodata                const          0xf5c   0x10  ios.o [3]
  .rodata                const          0xf6c   0x10  iostream_cout.o [3]
  .text                  ro code        0xf7c    0xe  iostream_cout.o [3]
  SHT$$PREINIT_ARRAY                    0xf8c    0x4  <Block>
    .preinit_array       const          0xf8c    0x4  iostream_cout.o [3]
  SHT$$INIT_ARRAY                       0xf90    0x4  <Block>
    .init_array          const          0xf90    0x4  ios.o [3]
  __iar_tls$$INIT_ARRAY                 0xf94    0x0  <Block>
  Initializer bytes      const          0xf94    0x8  <for P2-1>
  .text                  ro code        0xf9c    0x4  iostream_cout.o [3]
  .text                  ro code        0xfa0    0x0  cstart_call_dtors.o [5]
  .rodata                const          0xfa0    0x0  zero_init3.o [5]
  .rodata                const          0xfa0    0x0  copy_init3.o [5]
                                      - 0xfa0  0xf60

"P2", part 1 of 3:                               0x8
  P2-1                            0x2000'0000    0x8  <Init block>
    .data                inited   0x2000'0000    0x8  XShttio.o [2]
                                - 0x2000'0008    0x8

"P2", part 2 of 3:                              0xcc
  .bss                   zero     0x2000'0008   0x70  iostream_cout.o [3]
  .bss                   zero     0x2000'0078   0x34  ios.o [3]
  .bss                   zero     0x2000'00ac    0x4  main.o [1]
  .bss                   zero     0x2000'00b0   0x10  ios.o [3]
  .bss                   zero     0x2000'00c0    0x8  heap0.o [2]
  .bss                   zero     0x2000'00c8    0x4  cppinit.o [2]
  .bss                   zero     0x2000'00cc    0x4  cppinit.o [2]
  .bss                   zero     0x2000'00d0    0x1  main.o [1]
                                - 0x2000'00d1   0xc9

"P2", part 3 of 3:                             0x59c
  .iar.dynexit                    0x2000'00d4  0x198  <Block>
    .iar.dynexit         uninit   0x2000'00d4    0xc  cppinit.o [2]
    .iar.dynexit         uninit   0x2000'00e0  0x18c  <Block tail>
  CSTACK                          0x2000'0270  0x400  <Block>
    CSTACK               uninit   0x2000'0270  0x400  <Block tail>
                                - 0x2000'0670  0x59c

Unused ranges:

         From           To      Size
         ----           --      ----
        0xfa0     0x7'ffff  0x7'f060
  0x2000'0670  0x2000'ffff    0xf990


*******************************************************************************
*** INIT TABLE
***

          Address      Size
          -------      ----
Zero (__iar_zero_init3)
    1 destination range, total size 0xc9:
          0x2000'0008  0xc9

Copy (__iar_copy_init3)
    1 source range, total size 0x8:
                0xf94   0x8
    1 destination range, total size 0x8:
          0x2000'0000   0x8

Extra (__iar_cstart_call_ctors)



*******************************************************************************
*** MODULE SUMMARY
***

    Module                 ro code  ro data  rw data
    ------                 -------  -------  -------
command line/config:
    ------------------------------------------------
    Total:

C:\Users\cfranke.MANHN01\Documents\Semester6\Embedded\TrafficLightProject\Debug\Obj: [1]
    main.o                   1'616      300        5
    ------------------------------------------------
    Total:                   1'616      300        5

dl7M_tln.a: [2]
    XShttio.o                    8        8        8
    abort.o                      6
    cppinit.o                  160                20
    exit.o                       4
    heap0.o                    144                 8
    heaptramp0.o                 4
    low_level_init.o             4
    putchar.o                   32
    ------------------------------------------------
    Total:                     362        8       36

dlpp7M_tl_nc.a: [3]
    ios.o                      256       20       68
    iostream_cout.o            434      196      112
    ------------------------------------------------
    Total:                     690      216      180

dlpprt7M_tl_nc.a: [4]
    cxxabi.o                    10
    delop4_0.o                   4
    delop_0.o                   10
    ------------------------------------------------
    Total:                      24

rt7M_tl.a: [5]
    ABImemcpy_unaligned.o      118
    cexit.o                     14
    cmain.o                     30
    cmain_call_ctors.o          32
    copy_init3.o                42
    cstart_call_dtors.o
    cstartup_M.o                28
    data_init.o                 40
    strlen.o                    54
    vector_table_M.o            64
    vectortrap_M.o               2
    zero_init3.o                56
    ------------------------------------------------
    Total:                     480

shb_l.a: [6]
    dwrite.o                    30
    exit.o                      20
    iarttio.o                  124
    iarwrite.o                  34
    iarwstd.o                   32
    unwind_debug.o                        1
    write.o                     16
    ------------------------------------------------
    Total:                     256        1

    Gaps                         5
    Linker created                       40    1'420
----------------------------------------------------
    Grand Total:             3'433      565    1'641


*******************************************************************************
*** ENTRY LIST
***

Entry                       Address  Size  Type      Object
-----                       -------  ----  ----      ------
.iar.dynexit$$Base      0x2000'00d4         --   Gb  - Linker created -
.iar.dynexit$$Limit     0x2000'026c         --   Gb  - Linker created -
.iar.init_table$$Base         0xe8c         --   Gb  - Linker created -
.iar.init_table$$Limit        0xeb4         --   Gb  - Linker created -
?main                         0xed5        Code  Gb  cmain.o [5]
Aldata                  0x2000'00c0   0x8  Data  Lc  heap0.o [2]
BusFault_Handler              0xb73        Code  Wk  vectortrap_M.o [5]
CSTACK$$Base            0x2000'0270         --   Gb  - Linker created -
CSTACK$$Limit           0x2000'0670         --   Gb  - Linker created -
DebugMon_Handler              0xb73        Code  Wk  vectortrap_M.o [5]
DtorRecArray            0x2000'00d4   0xc  Data  Lc  cppinit.o [2]
HardFault_Handler             0xb73        Code  Wk  vectortrap_M.o [5]
Initialization guard variable for std::ctype<char> const & std::use_facet<std::ctype<char>>()::_MyFacet
                        0x2000'00d0   0x1  Data  Wk  main.o [1]
MemManage_Handler             0xb73        Code  Wk  vectortrap_M.o [5]
NMI_Handler                   0xb73        Code  Wk  vectortrap_M.o [5]
PendSV_Handler                0xb73        Code  Wk  vectortrap_M.o [5]
Region$$Table$$Base           0xe8c         --   Gb  - Linker created -
Region$$Table$$Limit          0xeb4         --   Gb  - Linker created -
SHT$$INIT_ARRAY$$Base         0xf90         --   Gb  - Linker created -
SHT$$INIT_ARRAY$$Limit        0xf94         --   Gb  - Linker created -
SHT$$PREINIT_ARRAY$$Base
                              0xf8c         --   Gb  - Linker created -
SHT$$PREINIT_ARRAY$$Limit
                              0xf90         --   Gb  - Linker created -
SVC_Handler                   0xb73        Code  Wk  vectortrap_M.o [5]
SysTick_Handler               0xb73        Code  Wk  vectortrap_M.o [5]
UsageFault_Handler            0xb73        Code  Wk  vectortrap_M.o [5]
Virtual function table for std::_Wrap_facet<std::ctype<char>>
                              0xf4c  0x10  Data  Wk  main.o [1]
Virtual function table for std::ios_base
                              0xf5c  0x10  Data  Wk  ios.o [3]
[local to ios_cpp]::std::stdopens
                        0x2000'0078   0xc  Data  Lc  ios.o [3]
[local to ios_cpp]::std::stdstr
                        0x2000'0084  0x28  Data  Lc  ios.o [3]
[local to iostream_cout_cpp]::std::__iarcoutguard
                        0x2000'0034   0x1  Data  Lc  iostream_cout.o [3]
[local to iostream_cout_cpp]::std::fout
                        0x2000'0038  0x40  Data  Lc  iostream_cout.o [3]
__aeabi_atexit                0x949   0xa  Code  Gb  cxxabi.o [4]
__basic_free                  0x72d  0x16  Code  Gb  heap0.o [2]
__basic_free_intern           0x743  0x74  Code  Lc  heap0.o [2]
__call_ctors                  0x7bd  0x18  Code  Gb  cppinit.o [2]
__call_dtors                  0x80b   0xc  Code  Gb  cppinit.o [2]
__call_dtors0                 0x817  0x36  Code  Gb  cppinit.o [2]
__cexit_call_dtors            0xeff        Code  Gb  cexit.o [5]
__cmain                       0xed5        Code  Gb  cmain.o [5]
__cstart_call_dtors           0xfa0        Data  Gb  cstart_call_dtors.o [5]
__cxa_atexit                  0x7d5  0x36  Code  Gb  cppinit.o [2]
__dso_handle            0x2000'00cc   0x4  Data  Gb  cppinit.o [2]
__dwrite                      0xc65  0x1e  Code  Gb  dwrite.o [6]
__exit                        0x681  0x14  Code  Gb  exit.o [6]
__iar_close_ttio              0x6a5  0x2c  Code  Gb  iarttio.o [6]
__iar_copy_init3              0x45b  0x2a  Code  Gb  copy_init3.o [5]
__iar_cstart_call_ctors
                              0xeb5  0x20  Code  Gb  cmain_call_ctors.o [5]
__iar_data_init3              0xe41  0x28  Code  Gb  data_init.o [5]
__iar_debug_exceptions        0xd96   0x1  Data  Gb  unwind_debug.o [6]
__iar_get_ttio                0x6d1  0x4c  Code  Gb  iarttio.o [6]
__iar_lookup_ttioh            0x725   0x8  Code  Gb  XShttio.o [2]
__iar_program_start           0xf0d        Code  Gb  cstartup_M.o [5]
__iar_sh_stdout               0xc83  0x20  Code  Gb  iarwstd.o [6]
__iar_sh_write                0xca3  0x22  Code  Gb  iarwrite.o [6]
__iar_tls$$INIT_ARRAY$$Base
                              0xf94         --   Gb  - Linker created -
__iar_tls$$INIT_ARRAY$$Limit
                              0xf94         --   Gb  - Linker created -
__iar_ttio_handles      0x2000'0000   0x8  Data  Lc  XShttio.o [2]
__iar_unaligned_memcpy        0x9c9        Code  Gb  ABImemcpy_unaligned.o [5]
__iar_unaligned_memcpy4
                              0x9e9        Code  Gb  ABImemcpy_unaligned.o [5]
__iar_unaligned_memcpy8
                              0x9e9        Code  Gb  ABImemcpy_unaligned.o [5]
__iar_zero_init3              0xcc5  0x38  Code  Gb  zero_init3.o [5]
__low_level_init              0xef3   0x4  Code  Gb  low_level_init.o [2]
__sti__routine                0x487   0xa  Code  Lc  ios.o [3]
__sti__routine                0x85d  0x90  Code  Lc  iostream_cout.o [3]
__vector_table                  0x0        Data  Gb  vector_table_M.o [5]
__write                       0xc55  0x10  Code  Gb  write.o [6]
_call_main                    0xee1        Code  Gb  cmain.o [5]
_exit                         0xefd        Code  Gb  cexit.o [5]
abort                         0x5e9   0x6  Code  Gb  abort.o [2]
exit                          0xef7   0x4  Code  Gb  exit.o [2]
free                          0x721   0x4  Code  Gb  heaptramp0.o [2]
main                          0xa41  0x6c  Code  Gb  main.o [1]
next_abi_dtor_rec       0x2000'00c8   0x4  Data  Lc  cppinit.o [2]
operator delete (void *)
                              0x695   0xa  Code  Gb  delop_0.o [4]
operator delete (void *, unsigned int)
                              0x5ef   0x4  Code  Gb  delop4_0.o [4]
putchar                       0xc35  0x20  Code  Gb  putchar.o [2]
std::_Fpz               0x2000'00b0  0x10  Data  Gb  ios.o [3]
std::__nobasic_filebuf<char, std::char_traits<char>>::overflow(int)
                              0xbfd  0x38  Code  Wk  iostream_cout.o [3]
std::cout               0x2000'0008  0x2c  Data  Gb  iostream_cout.o [3]
std::ctype<char> const & std::use_facet<std::ctype<char>>()::_MyFacet
                        0x2000'00ac   0x4  Data  Wk  main.o [1]
std::ios_base::_Addstd(std::ios_base*)
                              0x4f1  0x32  Code  Gb  ios.o [3]
std::ios_base::_Callfns(std::ios_base::event)
                              0x4d5  0x1c  Code  Gb  ios.o [3]
std::ios_base::_Init()        0x531  0x1c  Code  Gb  ios.o [3]
std::ios_base::_Tidy()        0x54d  0x38  Code  Gb  ios.o [3]
std::ios_base::clear(std::_Iosb<int>::_Iostate, bool)
                              0x491  0x20  Code  Gb  ios.o [3]
std::ios_base::~ios_base()
                              0x4b1  0x24  Code  Gb  ios.o [3]
std::ios_base::~ios_base() [subobject]
                              0x485   0x2  Code  Gb  ios.o [3]
std::ostream::flush()         0x373  0x54  Code  Wk  main.o [1]
std::streambuf::_Lock()
                              0xa3f   0x2  Code  Wk  iostream_cout.o [3]
std::streambuf::_Unlock()
                              0xab3   0x2  Code  Wk  iostream_cout.o [3]
std::streambuf::overflow(int)
                              0x69f   0x6  Code  Wk  iostream_cout.o [3]
std::streambuf::sync()        0xf9d   0x4  Code  Wk  iostream_cout.o [3]
std::streambuf::xsputn(char const *, int)
                              0xb15  0x5e  Code  Wk  iostream_cout.o [3]
strlen                        0x31d        Code  Gb  strlen.o [5]


[1] = C:\Users\cfranke.MANHN01\Documents\Semester6\Embedded\TrafficLightProject\Debug\Obj
[2] = dl7M_tln.a
[3] = dlpp7M_tl_nc.a
[4] = dlpprt7M_tl_nc.a
[5] = rt7M_tl.a
[6] = shb_l.a

  3'433 bytes of readonly  code memory
    565 bytes of readonly  data memory
  1'641 bytes of readwrite data memory

Errors: none
Warnings: none
